============================= test session starts =============================
platform win32 -- Python 3.11.7, pytest-8.4.1, pluggy-1.6.0 -- C:\Users\TomßÜ\AppData\Local\Programs\Python\Python311\python.exe
cachedir: .pytest_cache
rootdir: C:\Users\TomßÜ\Documents\GitHub\lineum-core
configfile: pytest.ini
plugins: anyio-4.8.0
collecting ... CONFIG RESOLVED (from CONFIGS): RUN_ID=6 RUN_MODE=false LOW_NOISE_MODE=False TEST_EXHALE_MODE=True KAPPA_MODE=constant RUN_TAG=spec6_false_s41 RUN_TAG_DERIVED=spec6_false_s41
collected 16 items

tests/test_lineum.py::test_atomic_write_bytes_is_atomic PASSED
tests/test_lineum.py::test_update_latest_run_pointer_writes_relative_path PASSED
tests/test_lineum.py::test_find_latest_checkpoint_priority_ordering [*] Resuming from explicit checkpoint: C:\Users\TomßÜ\AppData\Local\Temp\pytest-of-TomßÜ\pytest-58\test_find_latest_checkpoint_pr0\explicit.npz
[*] Found latest checkpoint (priority=2): C:\Users\TomßÜ\AppData\Local\Temp\pytest-of-TomßÜ\pytest-58\test_find_latest_checkpoint_pr0\output\runs/abc\checkpoints\run_ckpt.npz
[*] Found latest checkpoint (priority=3): C:\Users\TomßÜ\AppData\Local\Temp\pytest-of-TomßÜ\pytest-58\test_find_latest_checkpoint_pr0\output\checkpoints\legacy.npz
PASSED
tests/test_lineum.py::test_save_state_checkpoint_forces_checkpoints_subdir FAILED
tests/test_output_structure.py::test_run_dir_creation PASSED
tests/test_output_structure.py::test_latest_run_pointer PASSED
tests/test_output_structure.py::test_two_runs_separate_dirs PASSED
tests/test_output_structure.py::test_resume_in_place PASSED
tests/test_output_structure.py::test_find_latest_checkpoint_logic CONFIG RESOLVED (from CONFIGS): RUN_ID=6 RUN_MODE=false LOW_NOISE_MODE=False TEST_EXHALE_MODE=True KAPPA_MODE=constant RUN_TAG=spec6_false_s41 RUN_TAG_DERIVED=spec6_false_s41
[*] Resuming from explicit checkpoint: C:\Users\TomßÜ\AppData\Local\Temp\pytest-of-TomßÜ\pytest-58\test_find_latest_checkpoint_lo0\test_output\runs\run1\checkpoints\ckpt_1.npz
[*] Found latest checkpoint (priority=2): C:\Users\TomßÜ\AppData\Local\Temp\pytest-of-TomßÜ\pytest-58\test_find_latest_checkpoint_lo0\test_output\runs\run2\checkpoints\ckpt_2.npz
[*] Found latest checkpoint (priority=3): C:\Users\TomßÜ\AppData\Local\Temp\pytest-of-TomßÜ\pytest-58\test_find_latest_checkpoint_lo0\test_output\checkpoints\legacy.npz
PASSED
tests/test_performance.py::test_tracking_equivalence DEBUG TEST: active_tracks: {0: array([10.1, 10.1]), 1: array([20.5, 20.5])}
DEBUG TEST: track 0 type=<class 'numpy.ndarray'> shape=(2,)
DEBUG TEST: track 1 type=<class 'numpy.ndarray'> shape=(2,)
FAILED
tests/test_performance.py::test_physics_isolation FAILED
tests/test_resume_safeguards.py::test_resume_alias_support FAILED
tests/test_resume_safeguards.py::test_priority_conflict PASSED
tests/test_resume_safeguards.py::test_fail_fast_primary FAILED
tests/test_resume_safeguards.py::test_fail_fast_alias FAILED
tests/test_resume_safeguards.py::test_explicit_arg_priority [*] Resuming from explicit checkpoint: C:\Users\TomßÜ\AppData\Local\Temp\pytest-of-TomßÜ\pytest-58\test_explicit_arg_priority0\arg.npz
PASSED

================================== FAILURES ===================================
____________ test_save_state_checkpoint_forces_checkpoints_subdir _____________

run_dir = 'C:\\Users\\TomßÜ\\AppData\\Local\\Temp\\pytest-of-TomßÜ\\pytest-58\\test_save_state_checkpoint_for0\\my_run'
run_prefix = 'test', step_idx = 42
psi = array([[0., 0., 0., 0., 0., 0., 0., 0., 0., 0.],
       [0., 0., 0., 0., 0., 0., 0., 0., 0., 0.],
       [0., 0., 0., ...0., 0., 0., 0., 0.],
       [0., 0., 0., 0., 0., 0., 0., 0., 0., 0.],
       [0., 0., 0., 0., 0., 0., 0., 0., 0., 0.]])
phi = array([[0., 0., 0., 0., 0., 0., 0., 0., 0., 0.],
       [0., 0., 0., 0., 0., 0., 0., 0., 0., 0.],
       [0., 0., 0., ...0., 0., 0., 0., 0.],
       [0., 0., 0., 0., 0., 0., 0., 0., 0., 0.],
       [0., 0., 0., 0., 0., 0., 0., 0., 0., 0.]])
kappa = array([[0.5, 0.5, 0.5, 0.5, 0.5, 0.5, 0.5, 0.5, 0.5, 0.5],
       [0.5, 0.5, 0.5, 0.5, 0.5, 0.5, 0.5, 0.5, 0.5, 0.5],
...
       [0.5, 0.5, 0.5, 0.5, 0.5, 0.5, 0.5, 0.5, 0.5, 0.5],
       [0.5, 0.5, 0.5, 0.5, 0.5, 0.5, 0.5, 0.5, 0.5, 0.5]])
delta = array([[0., 0., 0., 0., 0., 0., 0., 0., 0., 0.],
       [0., 0., 0., 0., 0., 0., 0., 0., 0., 0.],
       [0., 0., 0., ...0., 0., 0., 0., 0.],
       [0., 0., 0., 0., 0., 0., 0., 0., 0., 0.],
       [0., 0., 0., 0., 0., 0., 0., 0., 0., 0.]])
active_tracks = {0: (5.0, 5.0), 1: (3.0, 7.0)}, next_id = 2

    def save_state_checkpoint(run_dir: str, run_prefix: str, step_idx: int,
                              psi: np.ndarray, phi: np.ndarray, kappa: np.ndarray, delta: np.ndarray,
                              active_tracks: dict, next_id: int) -> Optional[str]:
        """
        Ulo×Ý minimßlnÝ deterministickř stav (pro restart) do NPZ (bez pickle).
        VracÝ relativnÝ cestu k vytvo°enÚmu souboru (v¨Ŕi run_dir), nebo None p°i chybý.
        """
        # Force checkpoints subdir
        ckpt_subdir = os.path.join(run_dir, "checkpoints")
        os.makedirs(ckpt_subdir, exist_ok=True)
    
        filename = f"checkpoints/{run_prefix}_state_step{step_idx}.npz"
        path = os.path.join(run_dir, filename)
        tmp_path = path + ".tmp.npz"
    
        # 1. Tracky: rozpad na pole
        ids = sorted(active_tracks.keys())
        track_ids = np.array(ids, dtype=np.int64)
        if len(ids) > 0:
            track_pos_xy = np.array([active_tracks[tid] for tid in ids], dtype=np.float64)
        else:
            track_pos_xy = np.zeros((0, 2), dtype=np.float64)
    
        # 2. RNG: rozpad state (numpy global)
        # state = ('MT19937', keys, pos, has_gauss, cached_gauss)
        rng_algo_str, rng_keys, rng_pos, rng_has_gauss, rng_cached_gauss = np.random.get_state()
    
        # 3. Ulo×enÝ
        try:
            np.savez_compressed(
                tmp_path,
                # FyzikßlnÝ pole
                psi=psi,
                phi=phi,
                kappa=kappa,
                delta=delta,
                # Meta
                step_index=step_idx,
                next_id=next_id,
                # Tracks
                track_ids=track_ids,
                track_pos_xy=track_pos_xy,
                # RNG (legacy numpy global) - breakdown
                rng_algo=rng_algo_str,
                rng_keys=rng_keys,
                rng_pos=rng_pos,
                rng_has_gauss=rng_has_gauss,
                rng_cached_gauss=rng_cached_gauss
            )
            # Flush
            try:
                with open(tmp_path, "rb") as f:
                    os.fsync(f.fileno())
            except Exception:
                pass
    
            if os.path.exists(path):
                try:
                    os.remove(path)
                except OSError:
                    pass
            os.replace(tmp_path, path)
>           notify_file_creation(path)

lineum.py:844: 
_ _ _ _ _ _ _ _ _ _ _ _ _ _ _ _ _ _ _ _ _ _ _ _ _ _ _ _ _ _ _ _ _ _ _ _ _ _ _ _
lineum.py:457: in notify_file_creation
    print(f"\u2705 File '{name}' has been successfully created.")
_ _ _ _ _ _ _ _ _ _ _ _ _ _ _ _ _ _ _ _ _ _ _ _ _ _ _ _ _ _ _ _ _ _ _ _ _ _ _ _

self = <encodings.cp1250.IncrementalEncoder object at 0x00000254475E4FD0>
input = "\u2705 File 'test_state_step42.npz' has been successfully created."
final = False

    def encode(self, input, final=False):
>       return codecs.charmap_encode(input,self.errors,encoding_table)[0]
               ^^^^^^^^^^^^^^^^^^^^^^^^^^^^^^^^^^^^^^^^^^^^^^^^^^^^^^^
E       UnicodeEncodeError: 'charmap' codec can't encode character '\u2705' in position 0: character maps to <undefined>

..\..\..\AppData\Local\Programs\Python\Python311\Lib\encodings\cp1250.py:19: UnicodeEncodeError

During handling of the above exception, another exception occurred:

tmp_path = WindowsPath('C:/Users/TomßÜ/AppData/Local/Temp/pytest-of-TomßÜ/pytest-58/test_save_state_checkpoint_for0')

    def test_save_state_checkpoint_forces_checkpoints_subdir(tmp_path):
        """save_state_checkpoint places the .npz inside run_dir/checkpoints/."""
        run_dir = str(tmp_path / "my_run")
        os.makedirs(run_dir, exist_ok=True)
    
        N = 10
        psi = np.zeros((N, N))
        phi = np.zeros((N, N))
        kappa = np.full((N, N), 0.5)
        delta = np.zeros((N, N))
        active_tracks = {0: (5.0, 5.0), 1: (3.0, 7.0)}
        next_id = 2
    
>       rel = lineum.save_state_checkpoint(
            run_dir=run_dir,
            run_prefix="test",
            step_idx=42,
            psi=psi,
            phi=phi,
            kappa=kappa,
            delta=delta,
            active_tracks=active_tracks,
            next_id=next_id,
        )

tests\test_lineum.py:108: 
_ _ _ _ _ _ _ _ _ _ _ _ _ _ _ _ _ _ _ _ _ _ _ _ _ _ _ _ _ _ _ _ _ _ _ _ _ _ _ _
lineum.py:847: in save_state_checkpoint
    print(f"\u26a0\ufe0f save_state_checkpoint failed: {e}")
_ _ _ _ _ _ _ _ _ _ _ _ _ _ _ _ _ _ _ _ _ _ _ _ _ _ _ _ _ _ _ _ _ _ _ _ _ _ _ _

self = <encodings.cp1250.IncrementalEncoder object at 0x00000254475E4FD0>
input = "\u26a0\ufe0f save_state_checkpoint failed: 'charmap' codec can't encode character '\\\\u2705' in position 0: character maps to <undefined>"
final = False

    def encode(self, input, final=False):
>       return codecs.charmap_encode(input,self.errors,encoding_table)[0]
               ^^^^^^^^^^^^^^^^^^^^^^^^^^^^^^^^^^^^^^^^^^^^^^^^^^^^^^^
E       UnicodeEncodeError: 'charmap' codec can't encode characters in position 0-1: character maps to <undefined>

..\..\..\AppData\Local\Programs\Python\Python311\Lib\encodings\cp1250.py:19: UnicodeEncodeError
__________________________ test_tracking_equivalence __________________________

    def test_tracking_equivalence():
        """
        Ensures _track_quasiparticles_fast produces bit-identical results to _track_quasiparticles_slow.
        """
        # 1. Setup synthetic data
        coords = np.array([
            [10, 10],  # Very close to T0 (dist ~0.14)
            [20, 20],  # Very close to T1 (dist ~0.7)
            [50, 50],  # Far away (new particle)
            [15, 15],  # In between, >3.0 from both (new particle)
        ], dtype=int)
    
        # Use OrderedDict-like behavior (regular dict works in Python 3.7+)
        active_tracks = {
            0: np.array([10.1, 10.1]),
            1: np.array([20.5, 20.5])
        }
    
        next_id = 100
        step_idx = 5
        amp = np.random.rand(128, 128)
    
        print(f"DEBUG TEST: active_tracks: {active_tracks}")
        for k, v in active_tracks.items():
            print(f"DEBUG TEST: track {k} type={type(v)} shape={np.asarray(v).shape}")
    
        # Sort coords to ensure deterministic processing order for both methods
        # This helps align greedy matching choices when distances are identical/similar
        coords = coords[np.argsort(coords[:, 0])]
    
        # 2. Run slow version
        traj_slow = []
        ids_slow = copy.deepcopy(active_tracks)
>       res_slow_tracks, res_slow_next = lineum._track_quasiparticles_slow(
                                         ^^^^^^^^^^^^^^^^^^^^^^^^^^^^^^^^^
            coords, ids_slow, next_id, step_idx, amp, traj_slow
        )
E       AttributeError: module 'lineum' has no attribute '_track_quasiparticles_slow'

tests\test_performance.py:44: AttributeError
___________________________ test_physics_isolation ____________________________

monkeypatch = <_pytest.monkeypatch.MonkeyPatch object at 0x000002540B7C3B10>

    def test_physics_isolation(monkeypatch):
        """
        Proves that physical fields (psi, phi) are absolutely identical
        regardless of which tracking implementation is used.
        """
        # 1. Prepare base state
        np.random.seed(42)
        # Use actual init functions if possible
        # We need to simulate the environment of the main loop
    
        size = lineum.size
        psi = (np.random.rand(size, size) + 1j * np.random.rand(size, size)).astype(np.complex128)
        phi = np.random.rand(size, size).astype(np.float64)
        kappa = np.ones((size, size))
        delta = np.zeros((size, size))
    
        amp = np.abs(psi)
        coords = np.array([[10, 10], [20, 20]], dtype=int) # dummy detections
    
        # 2. Snapshot current state
        psi_orig = psi.copy()
        phi_orig = phi.copy()
    
        # 3. Run evolve (the physics part)
        # Since evolve doesn't call tracking, we'll simulate the loop logic
        psi_new, phi_new = lineum.evolve(psi.copy(), delta, phi.copy(), kappa)
    
        # 4. Use tracking (the analytics part) - SLOW
        active_tracks = {0: np.array([10, 10])}
        next_id = 1
        traj_slow = []
    
        # We monkeypatch FAST_TRACKING to False
>       monkeypatch.setattr(lineum, "FAST_TRACKING", False)
E       AttributeError: <module 'lineum' from 'C:\\Users\\TomßÜ\\Documents\\GitHub\\lineum-core\\lineum.py'> has no attribute 'FAST_TRACKING'

tests\test_performance.py:114: AttributeError
__________________________ test_resume_alias_support __________________________

tmp_path = WindowsPath('C:/Users/TomßÜ/AppData/Local/Temp/pytest-of-TomßÜ/pytest-58/test_resume_alias_support0')
capsys = <_pytest.capture.CaptureFixture object at 0x000002540B5923D0>

    def test_resume_alias_support(tmp_path, capsys):
        """Verify that LINEUM_RESUME_CHECKPOINT works as an alias."""
        ckpt_path = tmp_path / "alias_ckpt.npz"
        ckpt_path.touch()
    
        with patch.dict(os.environ, {"LINEUM_RESUME_CHECKPOINT": str(ckpt_path)}, clear=True):
            found = lineum._find_latest_checkpoint()
            assert found == str(ckpt_path)
    
        captured = capsys.readouterr()
>       assert "WARNING: deprecated alias LINEUM_RESUME_CHECKPOINT" in captured.out
E       AssertionError: assert 'WARNING: deprecated alias LINEUM_RESUME_CHECKPOINT' in '[*] Resuming from environment: C:\\Users\\TomßÜ\\AppData\\Local\\Temp\\pytest-of-TomßÜ\\pytest-58\\test_resume_alias_support0\\alias_ckpt.npz\n'
E        +  where '[*] Resuming from environment: C:\\Users\\TomßÜ\\AppData\\Local\\Temp\\pytest-of-TomßÜ\\pytest-58\\test_resume_alias_support0\\alias_ckpt.npz\n' = CaptureResult(out='[*] Resuming from environment: C:\\Users\\TomßÜ\\AppData\\Local\\Temp\\pytest-of-TomßÜ\\pytest-58\\test_resume_alias_support0\\alias_ckpt.npz\n', err='').out

tests\test_resume_safeguards.py:20: AssertionError
___________________________ test_fail_fast_primary ____________________________

capsys = <_pytest.capture.CaptureFixture object at 0x000002540B6FBE90>

    def test_fail_fast_primary(capsys):
        """Verify SystemExit(1) if LINEUM_CHECKPOINT is set but missing."""
        with patch.dict(os.environ, {"LINEUM_CHECKPOINT": "/non/existent/path.npz"}, clear=True):
            with pytest.raises(SystemExit) as excinfo:
                lineum._find_latest_checkpoint()
            assert excinfo.value.code == 1
    
        captured = capsys.readouterr()
>       assert "CRITICAL ERROR: Explicit checkpoint not found" in captured.out
E       AssertionError: assert 'CRITICAL ERROR: Explicit checkpoint not found' in '\u274c CRITICAL: Environment checkpoint path not found: /non/existent/path.npz\\n'
E        +  where '\u274c CRITICAL: Environment checkpoint path not found: /non/existent/path.npz\\n' = CaptureResult(out='\u274c CRITICAL: Environment checkpoint path not found: /non/existent/path.npz\\n', err='').out

tests\test_resume_safeguards.py:48: AssertionError
____________________________ test_fail_fast_alias _____________________________

self = <contextlib._GeneratorContextManager object at 0x0000025447796D90>
typ = None, value = None, traceback = None

    def __exit__(self, typ, value, traceback):
        if typ is None:
            try:
>               next(self.gen)

..\..\..\AppData\Local\Programs\Python\Python311\Lib\contextlib.py:144: 
_ _ _ _ _ _ _ _ _ _ _ _ _ _ _ _ _ _ _ _ _ _ _ _ _ _ _ _ _ _ _ _ _ _ _ _ _ _ _ _

self = <encodings.cp1250.IncrementalEncoder object at 0x00000254475E4FD0>
input = '\u274c CRITICAL: Environment checkpoint path not found: /non/existent/alias.npz\\r\\n'
final = False

    def encode(self, input, final=False):
>       return codecs.charmap_encode(input,self.errors,encoding_table)[0]
               ^^^^^^^^^^^^^^^^^^^^^^^^^^^^^^^^^^^^^^^^^^^^^^^^^^^^^^^
E       UnicodeEncodeError: 'charmap' codec can't encode character '\u274c' in position 0: character maps to <undefined>

..\..\..\AppData\Local\Programs\Python\Python311\Lib\encodings\cp1250.py:19: UnicodeEncodeError
=========================== short test summary info ===========================
FAILED tests/test_lineum.py::test_save_state_checkpoint_forces_checkpoints_subdir
FAILED tests/test_performance.py::test_tracking_equivalence - AttributeError:...
FAILED tests/test_performance.py::test_physics_isolation - AttributeError: <m...
FAILED tests/test_resume_safeguards.py::test_resume_alias_support - Assertion...
FAILED tests/test_resume_safeguards.py::test_fail_fast_primary - AssertionErr...
FAILED tests/test_resume_safeguards.py::test_fail_fast_alias - UnicodeEncodeE...
======================== 6 failed, 10 passed in 32.26s ========================
