============================= test session starts =============================
platform win32 -- Python 3.11.7, pytest-8.4.1, pluggy-1.6.0 -- C:\Users\TomßÜ\AppData\Local\Programs\Python\Python311\python.exe
cachedir: .pytest_cache
rootdir: C:\Users\TomßÜ\Documents\GitHub\lineum-core
configfile: pytest.ini
plugins: anyio-4.8.0
collecting ... CONFIG RESOLVED (from CONFIGS): RUN_ID=6 RUN_MODE=false LOW_NOISE_MODE=False TEST_EXHALE_MODE=True KAPPA_MODE=constant RUN_TAG=spec6_false_s41 RUN_TAG_DERIVED=spec6_false_s41
collected 16 items

tests/test_lineum.py::test_atomic_write_bytes_is_atomic PASSED
tests/test_lineum.py::test_update_latest_run_pointer_writes_relative_path PASSED
tests/test_lineum.py::test_find_latest_checkpoint_priority_ordering [*] Resuming from explicit checkpoint: C:\Users\TomßÜ\AppData\Local\Temp\pytest-of-TomßÜ\pytest-58\test_find_latest_checkpoint_pr0\explicit.npz
[*] Found latest checkpoint (priority=2): C:\Users\TomßÜ\AppData\Local\Temp\pytest-of-TomßÜ\pytest-58\test_find_latest_checkpoint_pr0\output\runs/abc\checkpoints\run_ckpt.npz
[*] Found latest checkpoint (priority=3): C:\Users\TomßÜ\AppData\Local\Temp\pytest-of-TomßÜ\pytest-58\test_find_latest_checkpoint_pr0\output\checkpoints\legacy.npz
PASSED
tests/test_lineum.py::test_save_state_checkpoint_forces_checkpoints_subdir FAILED
tests/test_output_structure.py::test_run_dir_creation PASSED
tests/test_output_structure.py::test_latest_run_pointer PASSED
tests/test_output_structure.py::test_two_runs_separate_dirs PASSED
